{
  "version": 1,
  "title": "a historic building with a domed observatory and a tall lighthouse tower",
  "count": 1,
  "requested": 1,
  "results": [
    {
      "id": "model-e00b558893c77e962a0c3b4c",
      "role": "a historic building with a domed observatory and a tall lighthouse tower",
      "card": "model-e00b558893c77e962a0c3b4c/card.json",
      "preview": "model-e00b558893c77e962a0c3b4c/renders/home.png",
      "status": "reference",
      "description": "Complete lighthouse island model featuring a minifigure, a white and yellow boat, a detailed coastal building with slopes and blue base plates, and a black lighthouse top with clear windows.",
      "kind": "models"
    }
  ],
  "failures": [],
  "gallery": "/data/output/20260928-125940-5e681c/reference-catalog/index.html",
  "note": "Source preparations and renders are cached; open selected views before recording a visual review."
}
