{
  "file": "output/tidal-observatory.mpd",
  "section": "tidal-tower-collar.ldr",
  "profile": "syntax",
  "checks_passed": true,
  "physical_validity": "not_proven",
  "diagnostics": [
    {
      "code": "coverage.collision_review",
      "severity": "warning",
      "message": "Some parts lack rectangular body checks; oriented bounds refine candidates, while remaining overlaps require material review.",
      "line_number": null,
      "section": null
    }
  ],
  "geometry": {
    "complete": true,
    "connection_coverage": {
      "complete": 51,
      "partial": 0,
      "none": 0
    },
    "collision_method": "AABB broad phase, oriented bounds separation, curated rectangular body SAT",
    "physical_validity": "not_proven",
    "bounds": {
      "min": [
        -120.0,
        -92.0,
        -160.0
      ],
      "max": [
        120.0,
        16.0,
        140.0
      ]
    },
    "occurrence_count": 51,
    "detail": "summary",
    "instance_offset": 0,
    "instances": [],
    "instances_truncated": true,
    "contacts_checked": true,
    "contact_count": 392,
    "contacts": [],
    "contacts_truncated": true,
    "confirmed_components": null,
    "optimistic_components": null,
    "optimistic_component_count": 1,
    "confirmed_component_count": 18,
    "components_truncated": true,
    "overlap_candidate_count": 76,
    "overlaps": [],
    "overlaps_truncated": true,
    "diagnostics": [
      {
        "code": "coverage.collision_review",
        "severity": "warning",
        "message": "Some parts lack rectangular body checks; oriented bounds refine candidates, while remaining overlaps require material review.",
        "line_number": null,
        "section": null
      }
    ],
    "limitations": [
      "AABB candidates do not prove collisions; stud/socket bounding boxes normally overlap.",
      "Connector matches, including 'confirmed', are computational evidence, not buildability certification.",
      "No material intersection, clutch strength, stability, legal connection stress, or real colour availability proof."
    ]
  }
}
